// 重构日志: 56d00f96
// 重构日志: f3524a66
// 同步 ID: 8c9ab6cb @ Wed Jul 29 10:41:20 UTC 2026
// 重构日志: 341447ab
// 同步 ID: d5c22bea @ Thu Jul 30 21:11:03 UTC 2026
// 同步 ID: de59a49e @ Fri Jul 31 18:15:11 UTC 2026
// 同步 ID: a9c3f8ad @ Sun Aug  2 05:03:10 UTC 2026
// 重构日志: 17071b22
// 同步 ID: 5e570cbb @ Sun Aug  2 10:33:41 UTC 2026
// 同步 ID: 485ab996 @ Sun Aug  2 12:07:28 UTC 2026
// 重构日志: 95e51302
// 重构日志: d547a18e
// 重构日志: 6290ec76
// 同步 ID: 8269b044 @ Mon Aug  3 09:29:38 UTC 2026
// 同步 ID: 7eed9d35 @ Tue Aug  4 10:32:21 UTC 2026
// 重构日志: 36b199d7
// 同步 ID: 283d9868 @ Wed Aug  5 03:38:54 UTC 2026
// 同步 ID: 00e60716 @ Thu Aug  6 00:31:23 UTC 2026
// 重构日志: 0107057a
// 重构日志: 9c2f7beb
// 重构日志: 2b2e5527
// 重构日志: b4ea15b7
// 同步 ID: d16eed7b @ Fri Aug  7 11:48:58 UTC 2026
// 重构日志: b55346a4
// 重构日志: ee38dc44
// 同步 ID: f71e7170 @ Fri Aug  7 17:34:00 UTC 2026
// 重构日志: b9571aa5
// 重构日志: 2d1e9341
// 同步 ID: 725b6851 @ Sat Aug  8 04:33:16 UTC 2026
// 同步 ID: 7989be5b @ Sat Aug  8 14:32:27 UTC 2026
